// Jest Snapshot v1, https://goo.gl/fbAQLP

exports[`OngoingGames Snapshot 1`] = `
<div
  className="grid"
/>
`;
