// Jest Snapshot v1, https://goo.gl/fbAQLP

exports[`App Snapshot 1`] = `
<div
  className="container-fluid"
>
  <header
    className="d-flex flex-column flex-md-row align-items-center p-3 px-md-4 mb-3 bg-white border-bottom box-shadow"
  >
    <div
      className="offset-4 col-4 text-center"
    >
      Chess PWA
    </div>
    <div
      className="col-4 d-flex justify-content-end align-items-center"
    >
      <button
        className="btn btn-sm btn-success mr-3 btn btn-primary"
        data-testid="login-btn"
        disabled={false}
        onClick={[Function]}
        type="button"
      >
        Login / Register
      </button>
      <a
        href="https://github.com/ildar-icoosoft/chess-pwa"
        rel="noopener noreferrer"
        target="_blank"
      >
        <img
          alt=""
          src="/imgs/GitHub-Mark-32px.png"
        />
      </a>
    </div>
  </header>
  <div />
  <div
    className="messages"
  />
  <div
    className="d-flex justify-content-center"
  >
    <div
      className="mb-3"
    >
      <button
        className="mr-3 btn btn-primary"
        data-testid="create-game-btn"
        disabled={false}
        onClick={[Function]}
        type="button"
      >
        Create a game
      </button>
      <button
        className="btn btn-primary"
        data-testid="challenge-ai-btn"
        disabled={false}
        onClick={[Function]}
        type="button"
      >
        Play with the computer
      </button>
    </div>
  </div>
  <div
    className="mb-3 card"
  >
    <div
      className="card-body"
    >
      <div
        className="card-title h5"
      >
        Waiting for opponent
      </div>
      <div>
        <div
          className="text-center"
        >
          <div
            className="spinner-border"
            data-testid="loading-spinner"
            role="status"
          >
            <span
              className="sr-only"
            >
              Loading...
            </span>
          </div>
        </div>
        <div />
      </div>
    </div>
  </div>
  <div
    className="mb-3 card"
  >
    <div
      className="card-body"
    >
      <div
        className="card-title h5"
      >
        Playing right now
      </div>
      <div>
        <div
          className="text-center"
        >
          <div
            className="spinner-border"
            data-testid="loading-spinner"
            role="status"
          >
            <span
              className="sr-only"
            >
              Loading...
            </span>
          </div>
        </div>
        <div
          className="grid"
        />
      </div>
    </div>
  </div>
  <div
    className="card"
  >
    <div
      className="card-body"
    >
      <div
        className="card-title h5"
      >
        Finished
      </div>
      <div>
        <div
          className="text-center"
        >
          <div
            className="spinner-border"
            data-testid="loading-spinner"
            role="status"
          >
            <span
              className="sr-only"
            >
              Loading...
            </span>
          </div>
        </div>
        <div
          className="grid"
        />
      </div>
    </div>
  </div>
</div>
`;
